Archive member included because of file (symbol)

c:/winavr-20100110/bin/../lib/gcc/avr/4.3.3/avr5\libgcc.a(_exit.o)
                              c:/winavr-20100110/bin/../lib/gcc/avr/4.3.3/../../../../avr/lib/avr5/crtm32.o (exit)
c:/winavr-20100110/bin/../lib/gcc/avr/4.3.3/avr5\libgcc.a(_copy_data.o)
                              ./HAL/TrafficControl/traffic_control.o (__do_copy_data)
c:/winavr-20100110/bin/../lib/gcc/avr/4.3.3/avr5\libgcc.a(_clear_bss.o)
                              ./MCAL/timers/timer0.o (__do_clear_bss)

Memory Configuration

Name             Origin             Length             Attributes
text             0x00000000         0x00020000         xr
data             0x00800060         0x0000ffa0         rw !x
eeprom           0x00810000         0x00010000         rw !x
fuse             0x00820000         0x00000400         rw !x
lock             0x00830000         0x00000400         rw !x
signature        0x00840000         0x00000400         rw !x
*default*        0x00000000         0xffffffff

Linker script and memory map

LOAD c:/winavr-20100110/bin/../lib/gcc/avr/4.3.3/../../../../avr/lib/avr5/crtm32.o
LOAD ./MCAL/timers/timer0.o
LOAD ./MCAL/interrupts/ExInterrupt.o
LOAD ./MCAL/DIO/DIO.o
LOAD ./HAL/TrafficControl/traffic_control.o
LOAD ./HAL/LED/LED.o
LOAD ./HAL/BUTTON/BUTTON.o
LOAD ./APP/app.o
LOAD ./main.o
LOAD c:/winavr-20100110/bin/../lib/gcc/avr/4.3.3/avr5\libgcc.a
LOAD c:/winavr-20100110/bin/../lib/gcc/avr/4.3.3/../../../../avr/lib/avr5\libc.a
LOAD c:/winavr-20100110/bin/../lib/gcc/avr/4.3.3/avr5\libgcc.a

.hash
 *(.hash)

.dynsym
 *(.dynsym)

.dynstr
 *(.dynstr)

.gnu.version
 *(.gnu.version)

.gnu.version_d
 *(.gnu.version_d)

.gnu.version_r
 *(.gnu.version_r)

.rel.init
 *(.rel.init)

.rela.init
 *(.rela.init)

.rel.text
 *(.rel.text)
 *(.rel.text.*)
 *(.rel.gnu.linkonce.t*)

.rela.text
 *(.rela.text)
 *(.rela.text.*)
 *(.rela.gnu.linkonce.t*)

.rel.fini
 *(.rel.fini)

.rela.fini
 *(.rela.fini)

.rel.rodata
 *(.rel.rodata)
 *(.rel.rodata.*)
 *(.rel.gnu.linkonce.r*)

.rela.rodata
 *(.rela.rodata)
 *(.rela.rodata.*)
 *(.rela.gnu.linkonce.r*)

.rel.data
 *(.rel.data)
 *(.rel.data.*)
 *(.rel.gnu.linkonce.d*)

.rela.data
 *(.rela.data)
 *(.rela.data.*)
 *(.rela.gnu.linkonce.d*)

.rel.ctors
 *(.rel.ctors)

.rela.ctors
 *(.rela.ctors)

.rel.dtors
 *(.rel.dtors)

.rela.dtors
 *(.rela.dtors)

.rel.got
 *(.rel.got)

.rela.got
 *(.rela.got)

.rel.bss
 *(.rel.bss)

.rela.bss
 *(.rela.bss)

.rel.plt
 *(.rel.plt)

.rela.plt
 *(.rela.plt)

.text           0x00000000      0x96c
 *(.vectors)
 .vectors       0x00000000       0x54 c:/winavr-20100110/bin/../lib/gcc/avr/4.3.3/../../../../avr/lib/avr5/crtm32.o
                0x00000000                __vectors
                0x00000000                __vector_default
 *(.vectors)
 *(.progmem.gcc*)
 *(.progmem*)
                0x00000054                . = ALIGN (0x2)
                0x00000054                __trampolines_start = .
 *(.trampolines)
 .trampolines   0x00000054        0x0 linker stubs
 *(.trampolines*)
                0x00000054                __trampolines_end = .
 *(.jumptables)
 *(.jumptables*)
 *(.lowtext)
 *(.lowtext*)
                0x00000054                __ctors_start = .
 *(.ctors)
                0x00000054                __ctors_end = .
                0x00000054                __dtors_start = .
 *(.dtors)
                0x00000054                __dtors_end = .
 SORT(*)(.ctors)
 SORT(*)(.dtors)
 *(.init0)
 .init0         0x00000054        0x0 c:/winavr-20100110/bin/../lib/gcc/avr/4.3.3/../../../../avr/lib/avr5/crtm32.o
                0x00000054                __init
 *(.init0)
 *(.init1)
 *(.init1)
 *(.init2)
 .init2         0x00000054        0xc c:/winavr-20100110/bin/../lib/gcc/avr/4.3.3/../../../../avr/lib/avr5/crtm32.o
 *(.init2)
 *(.init3)
 *(.init3)
 *(.init4)
 .init4         0x00000060       0x16 c:/winavr-20100110/bin/../lib/gcc/avr/4.3.3/avr5\libgcc.a(_copy_data.o)
                0x00000060                __do_copy_data
 .init4         0x00000076       0x10 c:/winavr-20100110/bin/../lib/gcc/avr/4.3.3/avr5\libgcc.a(_clear_bss.o)
                0x00000076                __do_clear_bss
 *(.init4)
 *(.init5)
 *(.init5)
 *(.init6)
 *(.init6)
 *(.init7)
 *(.init7)
 *(.init8)
 *(.init8)
 *(.init9)
 .init9         0x00000086        0x8 c:/winavr-20100110/bin/../lib/gcc/avr/4.3.3/../../../../avr/lib/avr5/crtm32.o
 *(.init9)
 *(.text)
 .text          0x0000008e        0x4 c:/winavr-20100110/bin/../lib/gcc/avr/4.3.3/../../../../avr/lib/avr5/crtm32.o
                0x0000008e                __vector_12
                0x0000008e                __bad_interrupt
                0x0000008e                __vector_6
                0x0000008e                __vector_13
                0x0000008e                __vector_17
                0x0000008e                __vector_19
                0x0000008e                __vector_7
                0x0000008e                __vector_5
                0x0000008e                __vector_4
                0x0000008e                __vector_9
                0x0000008e                __vector_15
                0x0000008e                __vector_8
                0x0000008e                __vector_14
                0x0000008e                __vector_16
                0x0000008e                __vector_18
                0x0000008e                __vector_20
 .text          0x00000092        0x0 ./MCAL/timers/timer0.o
 .text          0x00000092        0x0 ./MCAL/interrupts/ExInterrupt.o
 .text          0x00000092        0x0 ./MCAL/DIO/DIO.o
 .text          0x00000092        0x0 ./HAL/TrafficControl/traffic_control.o
 .text          0x00000092        0x0 ./HAL/LED/LED.o
 .text          0x00000092        0x0 ./HAL/BUTTON/BUTTON.o
 .text          0x00000092        0x0 ./APP/app.o
 .text          0x00000092        0x0 ./main.o
 .text          0x00000092        0x0 c:/winavr-20100110/bin/../lib/gcc/avr/4.3.3/avr5\libgcc.a(_exit.o)
 .text          0x00000092        0x0 c:/winavr-20100110/bin/../lib/gcc/avr/4.3.3/avr5\libgcc.a(_copy_data.o)
 .text          0x00000092        0x0 c:/winavr-20100110/bin/../lib/gcc/avr/4.3.3/avr5\libgcc.a(_clear_bss.o)
                0x00000092                . = ALIGN (0x2)
 *(.text.*)
 .text.__vector_11
                0x00000092       0x52 ./MCAL/timers/timer0.o
                0x00000092                __vector_11
 .text.__vector_10
                0x000000e4       0x52 ./MCAL/timers/timer0.o
                0x000000e4                __vector_10
 .text.Timer0_init
                0x00000136       0x9c ./MCAL/timers/timer0.o
                0x00000136                Timer0_init
 .text.Timer0_OVF_setCallBack
                0x000001d2        0xa ./MCAL/timers/timer0.o
                0x000001d2                Timer0_OVF_setCallBack
 .text.Timer0_CMP_setCallBack
                0x000001dc        0xa ./MCAL/timers/timer0.o
                0x000001dc                Timer0_CMP_setCallBack
 .text.Timer0_DeInit
                0x000001e6       0x14 ./MCAL/timers/timer0.o
                0x000001e6                Timer0_DeInit
 .text.Interrupt_GlobalEnable
                0x000001fa       0x20 ./MCAL/interrupts/ExInterrupt.o
                0x000001fa                Interrupt_GlobalEnable
 .text.ExInterrupt_init
                0x0000021a       0xbc ./MCAL/interrupts/ExInterrupt.o
                0x0000021a                ExInterrupt_init
 .text.ExInterrupt_CallBack
                0x000002d6       0x1c ./MCAL/interrupts/ExInterrupt.o
                0x000002d6                ExInterrupt_CallBack
 .text.__vector_1
                0x000002f2       0x52 ./MCAL/interrupts/ExInterrupt.o
                0x000002f2                __vector_1
 .text.__vector_2
                0x00000344       0x52 ./MCAL/interrupts/ExInterrupt.o
                0x00000344                __vector_2
 .text.__vector_3
                0x00000396       0x52 ./MCAL/interrupts/ExInterrupt.o
                0x00000396                __vector_3
 .text.ExInterrupt_DeInit
                0x000003e8       0x2a ./MCAL/interrupts/ExInterrupt.o
                0x000003e8                ExInterrupt_DeInit
 .text.DIO_init
                0x00000412      0x100 ./MCAL/DIO/DIO.o
                0x00000412                DIO_init
 .text.DIO_write
                0x00000512      0x100 ./MCAL/DIO/DIO.o
                0x00000512                DIO_write
 .text.DIO_read
                0x00000612       0x74 ./MCAL/DIO/DIO.o
                0x00000612                DIO_read
 .text.DIO_toggle
                0x00000686       0x76 ./MCAL/DIO/DIO.o
                0x00000686                DIO_toggle
 .text.TIMER_counter
                0x000006fc       0x1e ./HAL/TrafficControl/traffic_control.o
                0x000006fc                TIMER_counter
 .text.Traffic_timerDelay
                0x0000071a       0x28 ./HAL/TrafficControl/traffic_control.o
                0x0000071a                Traffic_timerDelay
 .text.PEDSGREEN_off
                0x00000742        0xc ./HAL/TrafficControl/traffic_control.o
                0x00000742                PEDSGREEN_off
 .text.PEDSRED_off
                0x0000074e        0xc ./HAL/TrafficControl/traffic_control.o
                0x0000074e                PEDSRED_off
 .text.CARSGREEN_off
                0x0000075a        0xc ./HAL/TrafficControl/traffic_control.o
                0x0000075a                CARSGREEN_off
 .text.CARSRED_off
                0x00000766        0xc ./HAL/TrafficControl/traffic_control.o
                0x00000766                CARSRED_off
 .text.PEDSGREEN_on
                0x00000772        0xc ./HAL/TrafficControl/traffic_control.o
                0x00000772                PEDSGREEN_on
 .text.PEDSRED_on
                0x0000077e        0xc ./HAL/TrafficControl/traffic_control.o
                0x0000077e                PEDSRED_on
 .text.CARSGREEN_on
                0x0000078a        0xc ./HAL/TrafficControl/traffic_control.o
                0x0000078a                CARSGREEN_on
 .text.CARSRED_on
                0x00000796        0xc ./HAL/TrafficControl/traffic_control.o
                0x00000796                CARSRED_on
 .text.YELLOW_blinks
                0x000007a2       0x42 ./HAL/TrafficControl/traffic_control.o
                0x000007a2                YELLOW_blinks
 .text.Traffic_normalMode
                0x000007e4       0x98 ./HAL/TrafficControl/traffic_control.o
                0x000007e4                Traffic_normalMode
 .text.Traffic_pedestrianMode
                0x0000087c       0x4a ./HAL/TrafficControl/traffic_control.o
                0x0000087c                Traffic_pedestrianMode
 .text.Traffic_init
                0x000008c6       0x5c ./HAL/TrafficControl/traffic_control.o
                0x000008c6                Traffic_init
 .text.LED_toggle
                0x00000922        0x6 ./HAL/LED/LED.o
                0x00000922                LED_toggle
 .text.LED_off  0x00000928        0x8 ./HAL/LED/LED.o
                0x00000928                LED_off
 .text.LED_on   0x00000930        0x8 ./HAL/LED/LED.o
                0x00000930                LED_on
 .text.LED_init
                0x00000938        0x8 ./HAL/LED/LED.o
                0x00000938                LED_init
 .text.BUTTON_read
                0x00000940        0x6 ./HAL/BUTTON/BUTTON.o
                0x00000940                BUTTON_read
 .text.BUTTON_init
                0x00000946        0x8 ./HAL/BUTTON/BUTTON.o
                0x00000946                BUTTON_init
 .text.app_start
                0x0000094e        0x6 ./APP/app.o
                0x0000094e                app_start
 .text.app_init
                0x00000954        0x6 ./APP/app.o
                0x00000954                app_init
 .text.main     0x0000095a        0xe ./main.o
                0x0000095a                main
 .text.libgcc   0x00000968        0x0 c:/winavr-20100110/bin/../lib/gcc/avr/4.3.3/avr5\libgcc.a(_exit.o)
 .text.libgcc   0x00000968        0x0 c:/winavr-20100110/bin/../lib/gcc/avr/4.3.3/avr5\libgcc.a(_copy_data.o)
 .text.libgcc   0x00000968        0x0 c:/winavr-20100110/bin/../lib/gcc/avr/4.3.3/avr5\libgcc.a(_clear_bss.o)
                0x00000968                . = ALIGN (0x2)
 *(.fini9)
 .fini9         0x00000968        0x0 c:/winavr-20100110/bin/../lib/gcc/avr/4.3.3/avr5\libgcc.a(_exit.o)
                0x00000968                exit
                0x00000968                _exit
 *(.fini9)
 *(.fini8)
 *(.fini8)
 *(.fini7)
 *(.fini7)
 *(.fini6)
 *(.fini6)
 *(.fini5)
 *(.fini5)
 *(.fini4)
 *(.fini4)
 *(.fini3)
 *(.fini3)
 *(.fini2)
 *(.fini2)
 *(.fini1)
 *(.fini1)
 *(.fini0)
 .fini0         0x00000968        0x4 c:/winavr-20100110/bin/../lib/gcc/avr/4.3.3/avr5\libgcc.a(_exit.o)
 *(.fini0)
                0x0000096c                _etext = .

.data           0x00800060        0x8 load address 0x0000096c
                0x00800060                PROVIDE (__data_start, .)
 *(.data)
 .data          0x00800060        0x0 c:/winavr-20100110/bin/../lib/gcc/avr/4.3.3/../../../../avr/lib/avr5/crtm32.o
 .data          0x00800060        0x0 ./MCAL/timers/timer0.o
 .data          0x00800060        0x0 ./MCAL/interrupts/ExInterrupt.o
 .data          0x00800060        0x0 ./MCAL/DIO/DIO.o
 .data          0x00800060        0x0 ./HAL/TrafficControl/traffic_control.o
 .data          0x00800060        0x0 ./HAL/LED/LED.o
 .data          0x00800060        0x0 ./HAL/BUTTON/BUTTON.o
 .data          0x00800060        0x0 ./APP/app.o
 .data          0x00800060        0x0 ./main.o
 .data          0x00800060        0x0 c:/winavr-20100110/bin/../lib/gcc/avr/4.3.3/avr5\libgcc.a(_exit.o)
 .data          0x00800060        0x0 c:/winavr-20100110/bin/../lib/gcc/avr/4.3.3/avr5\libgcc.a(_copy_data.o)
 .data          0x00800060        0x0 c:/winavr-20100110/bin/../lib/gcc/avr/4.3.3/avr5\libgcc.a(_clear_bss.o)
 *(.data*)
 .data.interrupt_config
                0x00800060        0x2 ./HAL/TrafficControl/traffic_control.o
                0x00800060                interrupt_config
 .data.timer_config
                0x00800062        0x6 ./HAL/TrafficControl/traffic_control.o
                0x00800062                timer_config
 *(.rodata)
 *(.rodata*)
 *(.gnu.linkonce.d*)
                0x00800068                . = ALIGN (0x2)
                0x00800068                _edata = .
                0x00800068                PROVIDE (__data_end, .)

.bss            0x00800068        0xf
                0x00800068                PROVIDE (__bss_start, .)
 *(.bss)
 .bss           0x00800068        0x0 c:/winavr-20100110/bin/../lib/gcc/avr/4.3.3/../../../../avr/lib/avr5/crtm32.o
 .bss           0x00800068        0x0 ./MCAL/timers/timer0.o
 .bss           0x00800068        0x0 ./MCAL/interrupts/ExInterrupt.o
 .bss           0x00800068        0x0 ./MCAL/DIO/DIO.o
 .bss           0x00800068        0x0 ./HAL/TrafficControl/traffic_control.o
 .bss           0x00800068        0x0 ./HAL/LED/LED.o
 .bss           0x00800068        0x0 ./HAL/BUTTON/BUTTON.o
 .bss           0x00800068        0x0 ./APP/app.o
 .bss           0x00800068        0x0 ./main.o
 .bss           0x00800068        0x0 c:/winavr-20100110/bin/../lib/gcc/avr/4.3.3/avr5\libgcc.a(_exit.o)
 .bss           0x00800068        0x0 c:/winavr-20100110/bin/../lib/gcc/avr/4.3.3/avr5\libgcc.a(_copy_data.o)
 .bss           0x00800068        0x0 c:/winavr-20100110/bin/../lib/gcc/avr/4.3.3/avr5\libgcc.a(_clear_bss.o)
 *(.bss*)
 .bss.g_callBackPtr_CMP
                0x00800068        0x2 ./MCAL/timers/timer0.o
 .bss.g_callBackPtr_OVF
                0x0080006a        0x2 ./MCAL/timers/timer0.o
 .bss.ISR_Funcptr
                0x0080006c        0x6 ./MCAL/interrupts/ExInterrupt.o
 .bss.car_state
                0x00800072        0x1 ./HAL/TrafficControl/traffic_control.o
                0x00800072                car_state
 .bss.g_timer   0x00800073        0x1 ./HAL/TrafficControl/traffic_control.o
                0x00800073                g_timer
 .bss.g_sec     0x00800074        0x1 ./HAL/TrafficControl/traffic_control.o
                0x00800074                g_sec
 .bss.g_yellow  0x00800075        0x1 ./HAL/TrafficControl/traffic_control.o
                0x00800075                g_yellow
 .bss.g_press   0x00800076        0x1 ./HAL/TrafficControl/traffic_control.o
                0x00800076                g_press
 *(COMMON)
                0x00800077                PROVIDE (__bss_end, .)
                0x0000096c                __data_load_start = LOADADDR (.data)
                0x00000974                __data_load_end = (__data_load_start + SIZEOF (.data))

.noinit         0x00800077        0x0
                0x00800077                PROVIDE (__noinit_start, .)
 *(.noinit*)
                0x00800077                PROVIDE (__noinit_end, .)
                0x00800077                _end = .
                0x00800077                PROVIDE (__heap_start, .)

.eeprom         0x00810000        0x0
 *(.eeprom*)
                0x00810000                __eeprom_end = .

.fuse
 *(.fuse)
 *(.lfuse)
 *(.hfuse)
 *(.efuse)

.lock
 *(.lock*)

.signature
 *(.signature*)

.stab
 *(.stab)

.stabstr
 *(.stabstr)

.stab.excl
 *(.stab.excl)

.stab.exclstr
 *(.stab.exclstr)

.stab.index
 *(.stab.index)

.stab.indexstr
 *(.stab.indexstr)

.comment
 *(.comment)

.debug
 *(.debug)

.line
 *(.line)

.debug_srcinfo
 *(.debug_srcinfo)

.debug_sfnames
 *(.debug_sfnames)

.debug_aranges
 *(.debug_aranges)

.debug_pubnames
 *(.debug_pubnames)

.debug_info
 *(.debug_info)
 *(.gnu.linkonce.wi.*)

.debug_abbrev
 *(.debug_abbrev)

.debug_line
 *(.debug_line)

.debug_frame
 *(.debug_frame)

.debug_str
 *(.debug_str)

.debug_loc
 *(.debug_loc)

.debug_macinfo
 *(.debug_macinfo)
OUTPUT(OnDemandTrafficLightControl.elf elf32-avr)
LOAD linker stubs
