Archive member included because of file (symbol)

c:/winavr-20100110/bin/../lib/gcc/avr/4.3.3/avr5\libgcc.a(_exit.o)
                              c:/winavr-20100110/bin/../lib/gcc/avr/4.3.3/../../../../avr/lib/avr5/crtm32.o (exit)
c:/winavr-20100110/bin/../lib/gcc/avr/4.3.3/avr5\libgcc.a(_copy_data.o)
                              ./HAL/TrafficControl/traffic_control.o (__do_copy_data)
c:/winavr-20100110/bin/../lib/gcc/avr/4.3.3/avr5\libgcc.a(_clear_bss.o)
                              ./MCAL/timers/timer0.o (__do_clear_bss)

Memory Configuration

Name             Origin             Length             Attributes
text             0x00000000         0x00020000         xr
data             0x00800060         0x0000ffa0         rw !x
eeprom           0x00810000         0x00010000         rw !x
fuse             0x00820000         0x00000400         rw !x
lock             0x00830000         0x00000400         rw !x
signature        0x00840000         0x00000400         rw !x
*default*        0x00000000         0xffffffff

Linker script and memory map

LOAD c:/winavr-20100110/bin/../lib/gcc/avr/4.3.3/../../../../avr/lib/avr5/crtm32.o
LOAD ./MCAL/timers/timer0.o
LOAD ./MCAL/interrupts/ExInterrupt.o
LOAD ./MCAL/DIO/DIO.o
LOAD ./HAL/TrafficControl/traffic_control.o
LOAD ./HAL/LED/LED.o
LOAD ./HAL/BUTTON/BUTTON.o
LOAD ./APP/app.o
LOAD ./main.o
LOAD c:/winavr-20100110/bin/../lib/gcc/avr/4.3.3/avr5\libgcc.a
LOAD c:/winavr-20100110/bin/../lib/gcc/avr/4.3.3/../../../../avr/lib/avr5\libc.a
LOAD c:/winavr-20100110/bin/../lib/gcc/avr/4.3.3/avr5\libgcc.a

.hash
 *(.hash)

.dynsym
 *(.dynsym)

.dynstr
 *(.dynstr)

.gnu.version
 *(.gnu.version)

.gnu.version_d
 *(.gnu.version_d)

.gnu.version_r
 *(.gnu.version_r)

.rel.init
 *(.rel.init)

.rela.init
 *(.rela.init)

.rel.text
 *(.rel.text)
 *(.rel.text.*)
 *(.rel.gnu.linkonce.t*)

.rela.text
 *(.rela.text)
 *(.rela.text.*)
 *(.rela.gnu.linkonce.t*)

.rel.fini
 *(.rel.fini)

.rela.fini
 *(.rela.fini)

.rel.rodata
 *(.rel.rodata)
 *(.rel.rodata.*)
 *(.rel.gnu.linkonce.r*)

.rela.rodata
 *(.rela.rodata)
 *(.rela.rodata.*)
 *(.rela.gnu.linkonce.r*)

.rel.data
 *(.rel.data)
 *(.rel.data.*)
 *(.rel.gnu.linkonce.d*)

.rela.data
 *(.rela.data)
 *(.rela.data.*)
 *(.rela.gnu.linkonce.d*)

.rel.ctors
 *(.rel.ctors)

.rela.ctors
 *(.rela.ctors)

.rel.dtors
 *(.rel.dtors)

.rela.dtors
 *(.rela.dtors)

.rel.got
 *(.rel.got)

.rela.got
 *(.rela.got)

.rel.bss
 *(.rel.bss)

.rela.bss
 *(.rela.bss)

.rel.plt
 *(.rel.plt)

.rela.plt
 *(.rela.plt)

.text           0x00000000     0x12a8
 *(.vectors)
 .vectors       0x00000000       0x54 c:/winavr-20100110/bin/../lib/gcc/avr/4.3.3/../../../../avr/lib/avr5/crtm32.o
                0x00000000                __vectors
                0x00000000                __vector_default
 *(.vectors)
 *(.progmem.gcc*)
 *(.progmem*)
                0x00000054                . = ALIGN (0x2)
                0x00000054                __trampolines_start = .
 *(.trampolines)
 .trampolines   0x00000054        0x0 linker stubs
 *(.trampolines*)
                0x00000054                __trampolines_end = .
 *(.jumptables)
 *(.jumptables*)
 *(.lowtext)
 *(.lowtext*)
                0x00000054                __ctors_start = .
 *(.ctors)
                0x00000054                __ctors_end = .
                0x00000054                __dtors_start = .
 *(.dtors)
                0x00000054                __dtors_end = .
 SORT(*)(.ctors)
 SORT(*)(.dtors)
 *(.init0)
 .init0         0x00000054        0x0 c:/winavr-20100110/bin/../lib/gcc/avr/4.3.3/../../../../avr/lib/avr5/crtm32.o
                0x00000054                __init
 *(.init0)
 *(.init1)
 *(.init1)
 *(.init2)
 .init2         0x00000054        0xc c:/winavr-20100110/bin/../lib/gcc/avr/4.3.3/../../../../avr/lib/avr5/crtm32.o
 *(.init2)
 *(.init3)
 *(.init3)
 *(.init4)
 .init4         0x00000060       0x16 c:/winavr-20100110/bin/../lib/gcc/avr/4.3.3/avr5\libgcc.a(_copy_data.o)
                0x00000060                __do_copy_data
 .init4         0x00000076       0x10 c:/winavr-20100110/bin/../lib/gcc/avr/4.3.3/avr5\libgcc.a(_clear_bss.o)
                0x00000076                __do_clear_bss
 *(.init4)
 *(.init5)
 *(.init5)
 *(.init6)
 *(.init6)
 *(.init7)
 *(.init7)
 *(.init8)
 *(.init8)
 *(.init9)
 .init9         0x00000086        0x8 c:/winavr-20100110/bin/../lib/gcc/avr/4.3.3/../../../../avr/lib/avr5/crtm32.o
 *(.init9)
 *(.text)
 .text          0x0000008e        0x4 c:/winavr-20100110/bin/../lib/gcc/avr/4.3.3/../../../../avr/lib/avr5/crtm32.o
                0x0000008e                __vector_12
                0x0000008e                __bad_interrupt
                0x0000008e                __vector_6
                0x0000008e                __vector_13
                0x0000008e                __vector_17
                0x0000008e                __vector_19
                0x0000008e                __vector_7
                0x0000008e                __vector_5
                0x0000008e                __vector_4
                0x0000008e                __vector_9
                0x0000008e                __vector_15
                0x0000008e                __vector_8
                0x0000008e                __vector_14
                0x0000008e                __vector_16
                0x0000008e                __vector_18
                0x0000008e                __vector_20
 .text          0x00000092        0x0 ./MCAL/timers/timer0.o
 .text          0x00000092        0x0 ./MCAL/interrupts/ExInterrupt.o
 .text          0x00000092        0x0 ./MCAL/DIO/DIO.o
 .text          0x00000092        0x0 ./HAL/TrafficControl/traffic_control.o
 .text          0x00000092        0x0 ./HAL/LED/LED.o
 .text          0x00000092        0x0 ./HAL/BUTTON/BUTTON.o
 .text          0x00000092        0x0 ./APP/app.o
 .text          0x00000092        0x0 ./main.o
 .text          0x00000092        0x0 c:/winavr-20100110/bin/../lib/gcc/avr/4.3.3/avr5\libgcc.a(_exit.o)
 .text          0x00000092        0x0 c:/winavr-20100110/bin/../lib/gcc/avr/4.3.3/avr5\libgcc.a(_copy_data.o)
 .text          0x00000092        0x0 c:/winavr-20100110/bin/../lib/gcc/avr/4.3.3/avr5\libgcc.a(_clear_bss.o)
                0x00000092                . = ALIGN (0x2)
 *(.text.*)
 .text.__vector_11
                0x00000092       0x66 ./MCAL/timers/timer0.o
                0x00000092                __vector_11
 .text.__vector_10
                0x000000f8       0x66 ./MCAL/timers/timer0.o
                0x000000f8                __vector_10
 .text.Timer0_init
                0x0000015e      0x1a4 ./MCAL/timers/timer0.o
                0x0000015e                Timer0_init
 .text.Timer0_OVF_setCallBack
                0x00000302       0x24 ./MCAL/timers/timer0.o
                0x00000302                Timer0_OVF_setCallBack
 .text.Timer0_CMP_setCallBack
                0x00000326       0x24 ./MCAL/timers/timer0.o
                0x00000326                Timer0_CMP_setCallBack
 .text.Timer0_DeInit
                0x0000034a       0x38 ./MCAL/timers/timer0.o
                0x0000034a                Timer0_DeInit
 .text.Interrupt_GlobalEnable
                0x00000382       0x62 ./MCAL/interrupts/ExInterrupt.o
                0x00000382                Interrupt_GlobalEnable
 .text.ExInterrupt_init
                0x000003e4      0x202 ./MCAL/interrupts/ExInterrupt.o
                0x000003e4                ExInterrupt_init
 .text.ExInterrupt_CallBack
                0x000005e6       0x48 ./MCAL/interrupts/ExInterrupt.o
                0x000005e6                ExInterrupt_CallBack
 .text.__vector_1
                0x0000062e       0x66 ./MCAL/interrupts/ExInterrupt.o
                0x0000062e                __vector_1
 .text.__vector_2
                0x00000694       0x66 ./MCAL/interrupts/ExInterrupt.o
                0x00000694                __vector_2
 .text.__vector_3
                0x000006fa       0x66 ./MCAL/interrupts/ExInterrupt.o
                0x000006fa                __vector_3
 .text.ExInterrupt_DeInit
                0x00000760       0x7c ./MCAL/interrupts/ExInterrupt.o
                0x00000760                ExInterrupt_DeInit
 .text.DIO_init
                0x000007dc      0x1fe ./MCAL/DIO/DIO.o
                0x000007dc                DIO_init
 .text.DIO_write
                0x000009da      0x1fe ./MCAL/DIO/DIO.o
                0x000009da                DIO_write
 .text.DIO_read
                0x00000bd8      0x17c ./MCAL/DIO/DIO.o
                0x00000bd8                DIO_read
 .text.DIO_toggle
                0x00000d54      0x10c ./MCAL/DIO/DIO.o
                0x00000d54                DIO_toggle
 .text.Traffic_init
                0x00000e60       0x6a ./HAL/TrafficControl/traffic_control.o
                0x00000e60                Traffic_init
 .text.Traffic_normalMode
                0x00000eca       0xc0 ./HAL/TrafficControl/traffic_control.o
                0x00000eca                Traffic_normalMode
 .text.Traffic_pedestrianMode
                0x00000f8a       0x98 ./HAL/TrafficControl/traffic_control.o
                0x00000f8a                Traffic_pedestrianMode
 .text.CARSRED_on
                0x00001022       0x18 ./HAL/TrafficControl/traffic_control.o
                0x00001022                CARSRED_on
 .text.CARSGREEN_on
                0x0000103a       0x18 ./HAL/TrafficControl/traffic_control.o
                0x0000103a                CARSGREEN_on
 .text.PEDSRED_on
                0x00001052       0x18 ./HAL/TrafficControl/traffic_control.o
                0x00001052                PEDSRED_on
 .text.YELLOW_blinks
                0x0000106a       0x4e ./HAL/TrafficControl/traffic_control.o
                0x0000106a                YELLOW_blinks
 .text.PEDSGREEN_on
                0x000010b8       0x18 ./HAL/TrafficControl/traffic_control.o
                0x000010b8                PEDSGREEN_on
 .text.CARSRED_off
                0x000010d0       0x18 ./HAL/TrafficControl/traffic_control.o
                0x000010d0                CARSRED_off
 .text.CARSGREEN_off
                0x000010e8       0x18 ./HAL/TrafficControl/traffic_control.o
                0x000010e8                CARSGREEN_off
 .text.PEDSRED_off
                0x00001100       0x18 ./HAL/TrafficControl/traffic_control.o
                0x00001100                PEDSRED_off
 .text.PEDSGREEN_off
                0x00001118       0x18 ./HAL/TrafficControl/traffic_control.o
                0x00001118                PEDSGREEN_off
 .text.TIMER_counter
                0x00001130       0x2e ./HAL/TrafficControl/traffic_control.o
                0x00001130                TIMER_counter
 .text.Traffic_timerDelay
                0x0000115e       0x34 ./HAL/TrafficControl/traffic_control.o
                0x0000115e                Traffic_timerDelay
 .text.LED_init
                0x00001192       0x22 ./HAL/LED/LED.o
                0x00001192                LED_init
 .text.LED_on   0x000011b4       0x22 ./HAL/LED/LED.o
                0x000011b4                LED_on
 .text.LED_off  0x000011d6       0x22 ./HAL/LED/LED.o
                0x000011d6                LED_off
 .text.LED_toggle
                0x000011f8       0x20 ./HAL/LED/LED.o
                0x000011f8                LED_toggle
 .text.BUTTON_init
                0x00001218       0x22 ./HAL/BUTTON/BUTTON.o
                0x00001218                BUTTON_init
 .text.BUTTON_read
                0x0000123a       0x30 ./HAL/BUTTON/BUTTON.o
                0x0000123a                BUTTON_read
 .text.app_init
                0x0000126a       0x12 ./APP/app.o
                0x0000126a                app_init
 .text.app_start
                0x0000127c        0xe ./APP/app.o
                0x0000127c                app_start
 .text.main     0x0000128a       0x1a ./main.o
                0x0000128a                main
 .text.libgcc   0x000012a4        0x0 c:/winavr-20100110/bin/../lib/gcc/avr/4.3.3/avr5\libgcc.a(_exit.o)
 .text.libgcc   0x000012a4        0x0 c:/winavr-20100110/bin/../lib/gcc/avr/4.3.3/avr5\libgcc.a(_copy_data.o)
 .text.libgcc   0x000012a4        0x0 c:/winavr-20100110/bin/../lib/gcc/avr/4.3.3/avr5\libgcc.a(_clear_bss.o)
                0x000012a4                . = ALIGN (0x2)
 *(.fini9)
 .fini9         0x000012a4        0x0 c:/winavr-20100110/bin/../lib/gcc/avr/4.3.3/avr5\libgcc.a(_exit.o)
                0x000012a4                exit
                0x000012a4                _exit
 *(.fini9)
 *(.fini8)
 *(.fini8)
 *(.fini7)
 *(.fini7)
 *(.fini6)
 *(.fini6)
 *(.fini5)
 *(.fini5)
 *(.fini4)
 *(.fini4)
 *(.fini3)
 *(.fini3)
 *(.fini2)
 *(.fini2)
 *(.fini1)
 *(.fini1)
 *(.fini0)
 .fini0         0x000012a4        0x4 c:/winavr-20100110/bin/../lib/gcc/avr/4.3.3/avr5\libgcc.a(_exit.o)
 *(.fini0)
                0x000012a8                _etext = .

.data           0x00800060        0x8 load address 0x000012a8
                0x00800060                PROVIDE (__data_start, .)
 *(.data)
 .data          0x00800060        0x0 c:/winavr-20100110/bin/../lib/gcc/avr/4.3.3/../../../../avr/lib/avr5/crtm32.o
 .data          0x00800060        0x0 ./MCAL/timers/timer0.o
 .data          0x00800060        0x0 ./MCAL/interrupts/ExInterrupt.o
 .data          0x00800060        0x0 ./MCAL/DIO/DIO.o
 .data          0x00800060        0x0 ./HAL/TrafficControl/traffic_control.o
 .data          0x00800060        0x0 ./HAL/LED/LED.o
 .data          0x00800060        0x0 ./HAL/BUTTON/BUTTON.o
 .data          0x00800060        0x0 ./APP/app.o
 .data          0x00800060        0x0 ./main.o
 .data          0x00800060        0x0 c:/winavr-20100110/bin/../lib/gcc/avr/4.3.3/avr5\libgcc.a(_exit.o)
 .data          0x00800060        0x0 c:/winavr-20100110/bin/../lib/gcc/avr/4.3.3/avr5\libgcc.a(_copy_data.o)
 .data          0x00800060        0x0 c:/winavr-20100110/bin/../lib/gcc/avr/4.3.3/avr5\libgcc.a(_clear_bss.o)
 *(.data*)
 .data.interrupt_config
                0x00800060        0x2 ./HAL/TrafficControl/traffic_control.o
                0x00800060                interrupt_config
 .data.timer_config
                0x00800062        0x6 ./HAL/TrafficControl/traffic_control.o
                0x00800062                timer_config
 *(.rodata)
 *(.rodata*)
 *(.gnu.linkonce.d*)
                0x00800068                . = ALIGN (0x2)
                0x00800068                _edata = .
                0x00800068                PROVIDE (__data_end, .)

.bss            0x00800068        0xf
                0x00800068                PROVIDE (__bss_start, .)
 *(.bss)
 .bss           0x00800068        0x0 c:/winavr-20100110/bin/../lib/gcc/avr/4.3.3/../../../../avr/lib/avr5/crtm32.o
 .bss           0x00800068        0x0 ./MCAL/timers/timer0.o
 .bss           0x00800068        0x0 ./MCAL/interrupts/ExInterrupt.o
 .bss           0x00800068        0x0 ./MCAL/DIO/DIO.o
 .bss           0x00800068        0x0 ./HAL/TrafficControl/traffic_control.o
 .bss           0x00800068        0x0 ./HAL/LED/LED.o
 .bss           0x00800068        0x0 ./HAL/BUTTON/BUTTON.o
 .bss           0x00800068        0x0 ./APP/app.o
 .bss           0x00800068        0x0 ./main.o
 .bss           0x00800068        0x0 c:/winavr-20100110/bin/../lib/gcc/avr/4.3.3/avr5\libgcc.a(_exit.o)
 .bss           0x00800068        0x0 c:/winavr-20100110/bin/../lib/gcc/avr/4.3.3/avr5\libgcc.a(_copy_data.o)
 .bss           0x00800068        0x0 c:/winavr-20100110/bin/../lib/gcc/avr/4.3.3/avr5\libgcc.a(_clear_bss.o)
 *(.bss*)
 .bss.g_callBackPtr_OVF
                0x00800068        0x2 ./MCAL/timers/timer0.o
 .bss.g_callBackPtr_CMP
                0x0080006a        0x2 ./MCAL/timers/timer0.o
 .bss.ISR_Funcptr
                0x0080006c        0x6 ./MCAL/interrupts/ExInterrupt.o
 .bss.car_state
                0x00800072        0x1 ./HAL/TrafficControl/traffic_control.o
                0x00800072                car_state
 .bss.g_timer   0x00800073        0x1 ./HAL/TrafficControl/traffic_control.o
                0x00800073                g_timer
 .bss.g_sec     0x00800074        0x1 ./HAL/TrafficControl/traffic_control.o
                0x00800074                g_sec
 .bss.g_yellow  0x00800075        0x1 ./HAL/TrafficControl/traffic_control.o
                0x00800075                g_yellow
 .bss.g_press   0x00800076        0x1 ./HAL/TrafficControl/traffic_control.o
                0x00800076                g_press
 *(COMMON)
                0x00800077                PROVIDE (__bss_end, .)
                0x000012a8                __data_load_start = LOADADDR (.data)
                0x000012b0                __data_load_end = (__data_load_start + SIZEOF (.data))

.noinit         0x00800077        0x0
                0x00800077                PROVIDE (__noinit_start, .)
 *(.noinit*)
                0x00800077                PROVIDE (__noinit_end, .)
                0x00800077                _end = .
                0x00800077                PROVIDE (__heap_start, .)

.eeprom         0x00810000        0x0
 *(.eeprom*)
                0x00810000                __eeprom_end = .

.fuse
 *(.fuse)
 *(.lfuse)
 *(.hfuse)
 *(.efuse)

.lock
 *(.lock*)

.signature
 *(.signature*)

.stab           0x00000000     0x2208
 *(.stab)
 .stab          0x00000000      0x4f8 ./MCAL/timers/timer0.o
 .stab          0x000004f8      0x570 ./MCAL/interrupts/ExInterrupt.o
                                0x57c (size before relaxing)
 .stab          0x00000a68      0x588 ./MCAL/DIO/DIO.o
                                0x594 (size before relaxing)
 .stab          0x00000ff0      0x8c4 ./HAL/TrafficControl/traffic_control.o
                                0x8d0 (size before relaxing)
 .stab          0x000018b4      0x2dc ./HAL/LED/LED.o
                                0x2e8 (size before relaxing)
 .stab          0x00001b90      0x258 ./HAL/BUTTON/BUTTON.o
                                0x264 (size before relaxing)
 .stab          0x00001de8      0x300 ./APP/app.o
                                0x30c (size before relaxing)
 .stab          0x000020e8      0x120 ./main.o
                                0x12c (size before relaxing)

.stabstr        0x00000000     0x14ef
 *(.stabstr)
 .stabstr       0x00000000     0x14ef ./MCAL/timers/timer0.o

.stab.excl
 *(.stab.excl)

.stab.exclstr
 *(.stab.exclstr)

.stab.index
 *(.stab.index)

.stab.indexstr
 *(.stab.indexstr)

.comment
 *(.comment)

.debug
 *(.debug)

.line
 *(.line)

.debug_srcinfo
 *(.debug_srcinfo)

.debug_sfnames
 *(.debug_sfnames)

.debug_aranges
 *(.debug_aranges)

.debug_pubnames
 *(.debug_pubnames)

.debug_info
 *(.debug_info)
 *(.gnu.linkonce.wi.*)

.debug_abbrev
 *(.debug_abbrev)

.debug_line
 *(.debug_line)

.debug_frame
 *(.debug_frame)

.debug_str
 *(.debug_str)

.debug_loc
 *(.debug_loc)

.debug_macinfo
 *(.debug_macinfo)
OUTPUT(OnDemandTrafficLightControl.elf elf32-avr)
LOAD linker stubs
